map $host $site_root {
  default /var/www/_default;
  abebeauty.co /var/www/abebeauty.co;
  accessorybar.shop /var/www/accessorybar.shop;
  aeiresshair.com /var/www/aeiresshair.com;
  africanfamily-market.com /var/www/africanfamily-market.com;
  arc.example.test /var/www/arc.example.test;
  b379.example.net /var/www/B379;
  b389.example.net /var/www/B389;
  baw-fashion-boutique.example.com /var/www/baw-fashion-boutique.example.com;
  beihairboutique.com /var/www/beihairboutique.com;
  betheleventdecor.com /var/www/betheleventdecor.com;
  blowncosmetics.com /var/www/blowncosmetics.com;
  chaykaroom.com /var/www/chaykaroom.com;
  compassionatehrt.info /var/www/compassionatehrt.info;
  e-agencyteam.com /var/www/e-agencyteam.com;
  edithmarie.org /var/www/edithmarie.org;
  evokeeventsdecorja.com /var/www/evokeeventsdecorja.com;
  exotickatureboutique.com /var/www/exotickatureboutique.com;
  exquisitews.com /var/www/exquisitews.com;
  faithfulhandssolutions.com /var/www/faithfulhandssolutions.com;
  fitzpatrickcommunityliving.com /var/www/fitzpatrickcommunityliving.com;
  gena-na.lightco.us /var/www/gena-na;
  gornitsia.com /var/www/gornitsia.com;
  jonestaxpros.com /var/www/jonestaxpros.com;
  kent-cars.com /var/www/kent-cars.com;
  krownedrealtyinteriors.com /var/www/krownedrealtyinteriors.com;
  lipgloss.co /var/www/lipgloss.co;
  lovelyliving-llc.com /var/www/lovelyliving-llc.com;
  lushesbeauty.com /var/www/lushesbeauty.com;
  medliciouspartydecor.com /var/www/medliciouspartydecor.com;
  new.thewinnlawfirm.com /var/www/thewinnlawfirm.com;
  newpathliving.info /var/www/newpathliving.info;
  optimapaints.com /var/www/optimapaints.com;
  optimapaints.example.com /var/www/optimapaints.com;
  pp.example.org /var/www/example.org/pp;
  prettypenmanship.example.net /var/www/example.net/prettypenmanship;
  qualitymoverentals.example.net /var/www/example.net/qualitymoverentals;
  quickalign-partners.com /var/www/quickalign-partners.com;
  saucedbykay.com /var/www/saucedbykay.com;
  shellmagichair.com /var/www/shellmagichair.com;
  shoprichbody.store /var/www/shoprichbody.store;
  skinglowbyjem.com /var/www/skinglowbyjem.com;
  strandsatelierbrands.com /var/www/strandsatelierbrands.com;
  successpathtrainingacademy.com /var/www/successpathtrainingacademy.com;
  sugamamassnoballs.com /var/www/sugamamassnoballs.com;
  theeroyalvault.com /var/www/theeroyalvault.com;
  thetaeaffect.example.net /var/www/example.net/thetaeaffect;
  thewinnlawfirm.com /var/www/thewinnlawfirm.com;
  thewomenofbusiness.online /var/www/thewomanofbusiness;
  tier1eliteholdings.com /var/www/tier1eliteholdings.com;
  toptierluxhair.com /var/www/toptierluxhair.com;
  vezlor.com /var/www/vezlor.com;
  viniah.co /var/www/viniah.com;
  viniah.com /var/www/viniah.com;
  www.abebeauty.co /var/www/abebeauty.co;
  www.aeiresshair.com /var/www/aeiresshair.com;
  www.africanfamily-market.com /var/www/africanfamily-market.com;
  www.betheleventdecor.com /var/www/betheleventdecor.com;
  www.blowncosmetics.com /var/www/blowncosmetics.com;
  www.compassionatehrt.info /var/www/compassionatehrt.info;
  www.e-agencyteam.com /var/www/e-agencyteam.com;
  www.edithmarie.org /var/www/edithmarie.org;
  www.evokeeventsdecorja.com /var/www/evokeeventsdecorja.com;
  www.exotickatureboutique.com /var/www/exotickatureboutique.com;
  www.faithfulhandssolutions.com /var/www/faithfulhandssolutions.com;
  www.lipgloss.co /var/www/lipgloss.co;
  www.lovelyliving-llc.com /var/www/lovelyliving-llc.com;
  www.lushesbeauty.com /var/www/lushesbeauty.com;
  www.example.org /var/www/example.org/www;
  www.optimapaints.com /var/www/optimapaints.com;
  www.quickalign-partners.com /var/www/quickalign-partners.com;
  www.saucedbykay.com /var/www/saucedbykay.com;
  www.shoprichbody.store /var/www/shoprichbody.store;
  www.skinglowbyjem.com /var/www/skinglowbyjem.com;
  www.sugamamassnoballs.com /var/www/sugamamassnoballs.com;
  www.thewinnlawfirm.com /var/www/thewinnlawfirm.com;
  www.unitsbylex.com /var/www/unitsbylex.com;
  www.vezlor.com /var/www/vezlor.com;
  www.viniah.co /var/www/viniah.com;
  www.viniah.com /var/www/viniah.com;
  www.xaltinghairstudio.com /var/www/xaltinghairstudio.com;
  xaltinghairstudio.com /var/www/xaltinghairstudio.com;
  zdorovia-plus.pp.ua /var/www/zdorovia-plus.pp.ua;
}

map $host $php_upstream {
  default hosting-php-fpm:9000;
  abebeauty.co hosting-php-fpm:9030;
  accessorybar.shop hosting-php-fpm:9012;
  aeiresshair.com hosting-php-fpm:9026;
  africanfamily-market.com hosting-php-fpm:9049;
  arc.example.test hosting-php-fpm:9013;
  b379.example.net hosting-php-fpm:9006;
  b389.example.net hosting-php-fpm:9007;
  baw-fashion-boutique.example.com hosting-php-fpm:9054;
  beihairboutique.com hosting-php-fpm:9031;
  betheleventdecor.com hosting-php-fpm:9042;
  blowncosmetics.com hosting-php-fpm:9039;
  chaykaroom.com hosting-php-fpm:9005;
  compassionatehrt.info hosting-php-fpm:9053;
  e-agencyteam.com hosting-php-fpm:9055;
  edithmarie.org hosting-php-fpm:9032;
  evokeeventsdecorja.com hosting-php-fpm:9041;
  exotickatureboutique.com hosting-php-fpm:9037;
  exquisitews.com hosting-php-fpm:9017;
  faithfulhandssolutions.com hosting-php-fpm:9043;
  fitzpatrickcommunityliving.com hosting-php-fpm:9009;
  gena-na.lightco.us hosting-php-fpm:9001;
  gornitsia.com hosting-php-fpm:9002;
  jonestaxpros.com hosting-php-fpm:9010;
  kent-cars.com hosting-php-fpm:9004;
  krownedrealtyinteriors.com hosting-php-fpm:9025;
  lipgloss.co hosting-php-fpm:9034;
  lovelyliving-llc.com hosting-php-fpm:9046;
  lushesbeauty.com hosting-php-fpm:9048;
  medliciouspartydecor.com hosting-php-fpm:9027;
  new.thewinnlawfirm.com hosting-php-fpm:9040;
  newpathliving.info hosting-php-fpm:9022;
  optimapaints.com hosting-php-fpm:9033;
  optimapaints.example.com hosting-php-fpm:9033;
  pp.example.org hosting-php-fpm:9015;
  prettypenmanship.example.net hosting-php-fpm:9018;
  qualitymoverentals.example.net hosting-php-fpm:9019;
  quickalign-partners.com hosting-php-fpm:9047;
  saucedbykay.com hosting-php-fpm:9052;
  shellmagichair.com hosting-php-fpm:9024;
  shoprichbody.store hosting-php-fpm:9036;
  skinglowbyjem.com hosting-php-fpm:9051;
  strandsatelierbrands.com hosting-php-fpm:9023;
  successpathtrainingacademy.com hosting-php-fpm:9011;
  sugamamassnoballs.com hosting-php-fpm:9045;
  theeroyalvault.com hosting-php-fpm:9016;
  thetaeaffect.example.net hosting-php-fpm:9020;
  thewinnlawfirm.com hosting-php-fpm:9040;
  thewomenofbusiness.online hosting-php-fpm:9008;
  tier1eliteholdings.com hosting-php-fpm:9021;
  toptierluxhair.com hosting-php-fpm:9028;
  vezlor.com hosting-php-fpm:9050;
  viniah.co hosting-php-fpm:9044;
  viniah.com hosting-php-fpm:9044;
  www.abebeauty.co hosting-php-fpm:9030;
  www.aeiresshair.com hosting-php-fpm:9026;
  www.africanfamily-market.com hosting-php-fpm:9049;
  www.betheleventdecor.com hosting-php-fpm:9042;
  www.blowncosmetics.com hosting-php-fpm:9039;
  www.compassionatehrt.info hosting-php-fpm:9053;
  www.e-agencyteam.com hosting-php-fpm:9055;
  www.edithmarie.org hosting-php-fpm:9032;
  www.evokeeventsdecorja.com hosting-php-fpm:9041;
  www.exotickatureboutique.com hosting-php-fpm:9037;
  www.faithfulhandssolutions.com hosting-php-fpm:9043;
  www.lipgloss.co hosting-php-fpm:9034;
  www.lovelyliving-llc.com hosting-php-fpm:9046;
  www.lushesbeauty.com hosting-php-fpm:9048;
  www.example.org hosting-php-fpm:9014;
  www.optimapaints.com hosting-php-fpm:9033;
  www.quickalign-partners.com hosting-php-fpm:9047;
  www.saucedbykay.com hosting-php-fpm:9052;
  www.shoprichbody.store hosting-php-fpm:9036;
  www.skinglowbyjem.com hosting-php-fpm:9051;
  www.sugamamassnoballs.com hosting-php-fpm:9045;
  www.thewinnlawfirm.com hosting-php-fpm:9040;
  www.unitsbylex.com hosting-php-fpm:9038;
  www.vezlor.com hosting-php-fpm:9050;
  www.viniah.co hosting-php-fpm:9044;
  www.viniah.com hosting-php-fpm:9044;
  www.xaltinghairstudio.com hosting-php-fpm:9029;
  xaltinghairstudio.com hosting-php-fpm:9029;
  zdorovia-plus.pp.ua hosting-php-fpm:9003;
}

map $host $canonical_host {
  default "";
  www.abebeauty.co abebeauty.co;
  www.aeiresshair.com aeiresshair.com;
  www.africanfamily-market.com africanfamily-market.com;
  www.betheleventdecor.com betheleventdecor.com;
  www.blowncosmetics.com blowncosmetics.com;
  www.compassionatehrt.info compassionatehrt.info;
  www.e-agencyteam.com e-agencyteam.com;
  www.evokeeventsdecorja.com evokeeventsdecorja.com;
  www.exotickatureboutique.com exotickatureboutique.com;
  www.faithfulhandssolutions.com faithfulhandssolutions.com;
  www.lipgloss.co lipgloss.co;
  www.lovelyliving-llc.com lovelyliving-llc.com;
  www.lushesbeauty.com lushesbeauty.com;
  www.optimapaints.com optimapaints.com;
  www.quickalign-partners.com quickalign-partners.com;
  www.saucedbykay.com saucedbykay.com;
  www.shoprichbody.store shoprichbody.store;
  www.skinglowbyjem.com skinglowbyjem.com;
  www.sugamamassnoballs.com sugamamassnoballs.com;
  www.vezlor.com vezlor.com;
  www.viniah.co viniah.co;
  www.viniah.com viniah.com;
  www.xaltinghairstudio.com xaltinghairstudio.com;
}
